

exports[`encode basic: positive integer 1`] = `
ArrayBuffer [
  24,
  123,
]
`;

exports[`encode basic: negative integer 1`] = `
ArrayBuffer [
  56,
  122,
]
`;

exports[`encode basic: positive float 1`] = `
ArrayBuffer [
  251,
  64,
  94,
  221,
  47,
  26,
  159,
  190,
  119,
]
`;

exports[`encode basic: negative float 1`] = `
ArrayBuffer [
  251,
  192,
  94,
  221,
  47,
  26,
  159,
  190,
  119,
]
`;

exports[`encode basic: positive bigint 1`] = `
ArrayBuffer [
  27,
  255,
  255,
  255,
  255,
  255,
  255,
  255,
  255,
]
`;

exports[`encode basic: negative bigint 1`] = `
ArrayBuffer [
  59,
  255,
  255,
  255,
  255,
  255,
  255,
  255,
  255,
]
`;

exports[`encode basic: string 1`] = `
ArrayBuffer [
  109,
  72,
  101,
  108,
  108,
  111,
  32,
  10,
  87,
  111,
  114,
  108,
  100,
  33,
]
`;

exports[`encode basic: undefined 1`] = `
ArrayBuffer [
  247,
]
`;

exports[`encode basic: null 1`] = `
ArrayBuffer [
  246,
]
`;

exports[`encode basic: true 1`] = `
ArrayBuffer [
  245,
]
`;

exports[`encode basic: false 1`] = `
ArrayBuffer [
  244,
]
`;

exports[`encode basic: map 1`] = `
ArrayBuffer [
  161,
  99,
  107,
  101,
  121,
  101,
  118,
  97,
  108,
  117,
  101,
]
`;

exports[`encode basic: object 1`] = `
ArrayBuffer [
  161,
  99,
  107,
  101,
  121,
  101,
  118,
  97,
  108,
  117,
  101,
]
`;

exports[`encode basic: array 1`] = `
ArrayBuffer [
  130,
  24,
  123,
  99,
  97,
  98,
  99,
]
`;

exports[`encode basic: uint8array 1`] = `
ArrayBuffer [
  67,
  1,
  2,
  3,
]
`;

exports[`encode basic: arraybuffer 1`] = `
ArrayBuffer [
  67,
  1,
  2,
  3,
]
`;

exports[`encode/decode: encoded input 1`] = `
ArrayBuffer [
  175,
  102,
  112,
  111,
  115,
  105,
  110,
  116,
  24,
  123,
  102,
  110,
  101,
  103,
  105,
  110,
  116,
  56,
  122,
  102,
  112,
  111,
  115,
  102,
  108,
  111,
  251,
  64,
  94,
  221,
  47,
  26,
  159,
  190,
  119,
  102,
  110,
  101,
  103,
  102,
  108,
  111,
  251,
  192,
  94,
  221,
  47,
  26,
  159,
  190,
  119,
  102,
  112,
  111,
  115,
  98,
  105,
  103,
  27,
  255,
  255,
  255,
  255,
  255,
  255,
  255,
  255,
  102,
  110,
  101,
  103,
  98,
  105,
  103,
  59,
  255,
  255,
  255,
  255,
  255,
  255,
  255,
  255,
  102,
  115,
  116,
  114,
  105,
  110,
  103,
  108,
  72,
  101,
  108,
  108,
  111,
  32,
  87,
  111,
  114,
  108,
  100,
  33,
  105,
  117,
  110,
  100,
  101,
  102,
  105,
  110,
  101,
  100,
  247,
  100,
  110,
  117,
  108,
  108,
  246,
  101,
  102,
  97,
  108,
  115,
  101,
  244,
  100,
  116,
  114,
  117,
  101,
  245,
  99,
  109,
  97,
  112,
  161,
  99,
  107,
  101,
  121,
  101,
  118,
  97,
  108,
  117,
  101,
  101,
  97,
  114,
  114,
  97,
  121,
  130,
  24,
  123,
  99,
  97,
  98,
  99,
  106,
  117,
  105,
  110,
  116,
  56,
  97,
  114,
  114,
  97,
  121,
  67,
  1,
  2,
  3,
  107,
  97,
  114,
  114,
  97,
  121,
  98,
  117,
  102,
  102,
  101,
  114,
  67,
  1,
  2,
  3,
]
`;

exports[`encode/decode: decoded input 1`] = `
{
  "array": [
    123,
    "abc",
  ],
  "arraybuffer": ArrayBuffer [
    1,
    2,
    3,
  ],
  "false": false,
  "map": {
    "key": "value",
  },
  "negbig": -18446744073709551616n,
  "negflo": -123.456,
  "negint": -123,
  "null": null,
  "posbig": 18446744073709551615n,
  "posflo": 123.456,
  "posint": 123,
  "string": "Hello World!",
  "true": true,
  "uint8array": ArrayBuffer [
    1,
    2,
    3,
  ],
  "undefined": undefined,
}
`;
