// Bun Snapshot v1, https://goo.gl/fbAQLP

exports[`export basic 1`] = `
"-- ------------------------------
-- OPTION
-- ------------------------------

OPTION IMPORT;

-- ------------------------------
-- FUNCTIONS
-- ------------------------------

DEFINE FUNCTION fn::foo() { RETURN 'bar'; } PERMISSIONS FULL;

-- ------------------------------
-- TABLE: bar
-- ------------------------------

DEFINE TABLE bar TYPE ANY SCHEMALESS PERMISSIONS NONE;




-- ------------------------------
-- TABLE DATA: bar
-- ------------------------------

INSERT [ { hello: 'world', id: bar:1 } ];

-- ------------------------------
-- TABLE: foo
-- ------------------------------

DEFINE TABLE foo TYPE ANY SCHEMALESS PERMISSIONS NONE;




-- ------------------------------
-- TABLE DATA: foo
-- ------------------------------

INSERT [ { hello: 'world', id: foo:1 } ];

"
`;

exports[`export filter tables 1`] = `
"-- ------------------------------
-- OPTION
-- ------------------------------

OPTION IMPORT;

-- ------------------------------
-- FUNCTIONS
-- ------------------------------

DEFINE FUNCTION fn::foo() { RETURN 'bar'; } PERMISSIONS FULL;

-- ------------------------------
-- TABLE: foo
-- ------------------------------

DEFINE TABLE foo TYPE ANY SCHEMALESS PERMISSIONS NONE;




-- ------------------------------
-- TABLE DATA: foo
-- ------------------------------

INSERT [ { hello: 'world', id: foo:1 } ];

"
`;

exports[`export filter functions 1`] = `
"-- ------------------------------
-- OPTION
-- ------------------------------

OPTION IMPORT;

-- ------------------------------
-- FUNCTIONS
-- ------------------------------

DEFINE FUNCTION fn::foo() { RETURN 'bar'; } PERMISSIONS FULL;

"
`;
