// Bun Snapshot v1, https://goo.gl/fbAQLP

exports[`import basic 1`] = `
[
  [
    {
      "hello": "world",
      "id": RecordId {
        "id": 1,
        "tb": "foo",
      },
    },
  ],
]
`;
