// Bun Snapshot v1, https://bun.sh/docs/test/snapshots

exports[`live() / liveOf() compile 1`] = `"LIVE SELECT type::fields($bind__1) FROM $bind__2 WHERE age = $bind__3 FETCH type::fields($bind__4)"`;

exports[`live() / liveOf() compile 2`] = `
{
  "bind__1": [
    "age",
    "test",
    "lastname",
  ],
  "bind__2": Table {},
  "bind__3": 30,
  "bind__4": [
    "foo",
  ],
}
`;
