// Bun Snapshot v1, https://bun.sh/docs/test/snapshots

exports[`relate() compile 1`] = `"RELATE  ONLY $bind__1->$bind__2->$bind__3"`;

exports[`relate() compile 2`] = `
{
  "bind__1": RecordId {},
  "bind__2": Table {},
  "bind__3": RecordId {},
}
`;
