// Bun Snapshot v1, https://bun.sh/docs/test/snapshots

exports[`run() compile 1`] = `"array::add($bind__1, $bind__2, )"`;

exports[`run() compile 2`] = `
{
  "bind__1": [
    1,
    2,
  ],
  "bind__2": 3,
}
`;
