// Bun Snapshot v1, https://bun.sh/docs/test/snapshots

exports[`toSurqlString() match snapshot 1`] = `"{ "rid": r"⟨some:thing⟩:under_score", "id_looks_like_number": r"⟨some:thing⟩:⟨123⟩", "id_almost_a_number": r"⟨some:thing⟩:1e23", "id_is_a_number": r"⟨some:thing⟩:123", "str_rid": r"⟨some:thing⟩:under_score", "rng_rid": bla:a..z, "range": r"bla:a"..z, "range_unbounded": ..z, "dec": 3.333333, "dur": 1d2h, "geo": { "type": s"GeometryCollection", "geometries": [ { "type": s"Point", "coordinates": [ 1, 2 ] }, { "type": s"MultiPolygon", "coordinates": [ [ [ [ 1, 2 ], [ 3, 4 ], [ 1, 2 ] ], [ [ 5, 6 ], [ 7, 8 ], [ 5, 6 ] ] ] ] }, { "type": s"Polygon", "coordinates": [ [ [ 1, 2 ], [ 3, 4 ], [ 1, 2 ] ], [ [ 5, 6 ], [ 7, 8 ], [ 5, 6 ] ] ] } ] }, "tb": ⟨some super _ cool table⟩, "uuid": u"92b84bde-39c8-4b4b-92f7-626096d6c4d9", "date": d"2024-05-06T17:44:57.085Z", "file": f"my\\\\ bucket:/file/name", "undef": NONE, "null": NULL, "num": 123, "float": 123.456, "true": true, "false": false, "string": s"I am a string" }"`;
